Copyright 1986-2022 Xilinx, Inc. All Rights Reserved. Copyright 2022-2024 Advanced Micro Devices, Inc. All Rights Reserved.
---------------------------------------------------------------------------------------------------------------------------------------------
| Tool Version : Vivado v.2024.1 (win64) Build 5076996 Wed May 22 18:37:14 MDT 2024
| Date         : Mon Jun 22 11:43:18 2026
| Host         : VALDERSYM running 64-bit major release  (build 9200)
| Command      : report_utilization -file design_1_wrapper_utilization_synth.rpt -pb design_1_wrapper_utilization_synth.pb
| Design       : design_1_wrapper
| Device       : xc7z020clg400-1
| Speed File   : -1
| Design State : Synthesized
---------------------------------------------------------------------------------------------------------------------------------------------

Utilization Design Information

Table of Contents
-----------------
1. Slice Logic
1.1 Summary of Registers by Type
2. Memory
3. DSP
4. IO and GT Specific
5. Clocking
6. Specific Feature
7. Primitives
8. Black Boxes
9. Instantiated Netlists

1. Slice Logic
--------------

+----------------------------+------+-------+------------+-----------+-------+
|          Site Type         | Used | Fixed | Prohibited | Available | Util% |
+----------------------------+------+-------+------------+-----------+-------+
| Slice LUTs*                | 7156 |     0 |          0 |     53200 | 13.45 |
|   LUT as Logic             | 6552 |     0 |          0 |     53200 | 12.32 |
|   LUT as Memory            |  604 |     0 |          0 |     17400 |  3.47 |
|     LUT as Distributed RAM |   12 |     0 |            |           |       |
|     LUT as Shift Register  |  592 |     0 |            |           |       |
| Slice Registers            | 8593 |     0 |          0 |    106400 |  8.08 |
|   Register as Flip Flop    | 8593 |     0 |          0 |    106400 |  8.08 |
|   Register as Latch        |    0 |     0 |          0 |    106400 |  0.00 |
| F7 Muxes                   |   16 |     0 |          0 |     26600 |  0.06 |
| F8 Muxes                   |    3 |     0 |          0 |     13300 |  0.02 |
+----------------------------+------+-------+------------+-----------+-------+
* Warning! The Final LUT count, after physical optimizations and full implementation, is typically lower. Run opt_design after synthesis, if not already completed, for a more realistic count.
Warning! LUT value is adjusted to account for LUT combining.
Warning! For any ECO changes, please run place_design if there are unplaced instances


1.1 Summary of Registers by Type
--------------------------------

+-------+--------------+-------------+--------------+
| Total | Clock Enable | Synchronous | Asynchronous |
+-------+--------------+-------------+--------------+
| 0     |            _ |           - |            - |
| 0     |            _ |           - |          Set |
| 0     |            _ |           - |        Reset |
| 0     |            _ |         Set |            - |
| 0     |            _ |       Reset |            - |
| 0     |          Yes |           - |            - |
| 38    |          Yes |           - |          Set |
| 72    |          Yes |           - |        Reset |
| 284   |          Yes |         Set |            - |
| 8199  |          Yes |       Reset |            - |
+-------+--------------+-------------+--------------+


2. Memory
---------

+-------------------+------+-------+------------+-----------+-------+
|     Site Type     | Used | Fixed | Prohibited | Available | Util% |
+-------------------+------+-------+------------+-----------+-------+
| Block RAM Tile    | 10.5 |     0 |          0 |       140 |  7.50 |
|   RAMB36/FIFO*    |    6 |     0 |          0 |       140 |  4.29 |
|     RAMB36E1 only |    6 |       |            |           |       |
|   RAMB18          |    9 |     0 |          0 |       280 |  3.21 |
|     RAMB18E1 only |    9 |       |            |           |       |
+-------------------+------+-------+------------+-----------+-------+
* Note: Each Block RAM Tile only has one FIFO logic available and therefore can accommodate only one FIFO36E1 or one FIFO18E1. However, if a FIFO18E1 occupies a Block RAM Tile, that tile can still accommodate a RAMB18E1


3. DSP
------

+----------------+------+-------+------------+-----------+-------+
|    Site Type   | Used | Fixed | Prohibited | Available | Util% |
+----------------+------+-------+------------+-----------+-------+
| DSPs           |   13 |     0 |          0 |       220 |  5.91 |
|   DSP48E1 only |   13 |       |            |           |       |
+----------------+------+-------+------------+-----------+-------+


4. IO and GT Specific
---------------------

+-----------------------------+------+-------+------------+-----------+--------+
|          Site Type          | Used | Fixed | Prohibited | Available |  Util% |
+-----------------------------+------+-------+------------+-----------+--------+
| Bonded IOB                  |    8 |     0 |          0 |       125 |   6.40 |
| Bonded IPADs                |    0 |     0 |          0 |         2 |   0.00 |
| Bonded IOPADs               |  130 |     0 |          0 |       130 | 100.00 |
| PHY_CONTROL                 |    0 |     0 |          0 |         4 |   0.00 |
| PHASER_REF                  |    0 |     0 |          0 |         4 |   0.00 |
| OUT_FIFO                    |    0 |     0 |          0 |        16 |   0.00 |
| IN_FIFO                     |    0 |     0 |          0 |        16 |   0.00 |
| IDELAYCTRL                  |    0 |     0 |          0 |         4 |   0.00 |
| IBUFDS                      |    0 |     0 |          0 |       121 |   0.00 |
| PHASER_OUT/PHASER_OUT_PHY   |    0 |     0 |          0 |        16 |   0.00 |
| PHASER_IN/PHASER_IN_PHY     |    0 |     0 |          0 |        16 |   0.00 |
| IDELAYE2/IDELAYE2_FINEDELAY |    0 |     0 |          0 |       200 |   0.00 |
| ILOGIC                      |    0 |     0 |          0 |       125 |   0.00 |
| OLOGIC                      |    8 |     0 |          0 |       125 |   6.40 |
|   OSERDES                   |    8 |       |          0 |       125 |        |
+-----------------------------+------+-------+------------+-----------+--------+


5. Clocking
-----------

+------------+------+-------+------------+-----------+-------+
|  Site Type | Used | Fixed | Prohibited | Available | Util% |
+------------+------+-------+------------+-----------+-------+
| BUFGCTRL   |    3 |     0 |          0 |        32 |  9.38 |
| BUFIO      |    0 |     0 |          0 |        16 |  0.00 |
| MMCME2_ADV |    1 |     0 |          0 |         4 | 25.00 |
| PLLE2_ADV  |    1 |     0 |          0 |         4 | 25.00 |
| BUFMRCE    |    0 |     0 |          0 |         8 |  0.00 |
| BUFHCE     |    0 |     0 |          0 |        72 |  0.00 |
| BUFR       |    0 |     0 |          0 |        16 |  0.00 |
+------------+------+-------+------------+-----------+-------+


6. Specific Feature
-------------------

+-------------+------+-------+------------+-----------+-------+
|  Site Type  | Used | Fixed | Prohibited | Available | Util% |
+-------------+------+-------+------------+-----------+-------+
| BSCANE2     |    0 |     0 |          0 |         4 |  0.00 |
| CAPTUREE2   |    0 |     0 |          0 |         1 |  0.00 |
| DNA_PORT    |    0 |     0 |          0 |         1 |  0.00 |
| EFUSE_USR   |    0 |     0 |          0 |         1 |  0.00 |
| FRAME_ECCE2 |    0 |     0 |          0 |         1 |  0.00 |
| ICAPE2      |    0 |     0 |          0 |         2 |  0.00 |
| STARTUPE2   |    0 |     0 |          0 |         1 |  0.00 |
| XADC        |    0 |     0 |          0 |         1 |  0.00 |
+-------------+------+-------+------------+-----------+-------+


7. Primitives
-------------

+------------+------+----------------------+
|  Ref Name  | Used |  Functional Category |
+------------+------+----------------------+
| FDRE       | 8199 |         Flop & Latch |
| LUT3       | 1969 |                  LUT |
| LUT6       | 1964 |                  LUT |
| LUT4       | 1172 |                  LUT |
| LUT5       | 1162 |                  LUT |
| LUT2       | 1083 |                  LUT |
| LUT1       |  694 |                  LUT |
| SRL16E     |  537 |   Distributed Memory |
| CARRY4     |  446 |           CarryLogic |
| FDSE       |  284 |         Flop & Latch |
| BIBUF      |  130 |                   IO |
| FDCE       |   72 |         Flop & Latch |
| SRLC32E    |   55 |   Distributed Memory |
| FDPE       |   38 |         Flop & Latch |
| RAMD32     |   18 |   Distributed Memory |
| MUXF7      |   16 |                MuxFx |
| DSP48E1    |   13 |     Block Arithmetic |
| RAMB18E1   |    9 |         Block Memory |
| OSERDESE2  |    8 |                   IO |
| RAMS32     |    6 |   Distributed Memory |
| RAMB36E1   |    6 |         Block Memory |
| OBUFDS     |    4 |                   IO |
| MUXF8      |    3 |                MuxFx |
| BUFG       |    3 |                Clock |
| PS7        |    1 | Specialized Resource |
| PLLE2_ADV  |    1 |                Clock |
| MMCME2_ADV |    1 |                Clock |
+------------+------+----------------------+


8. Black Boxes
--------------

+----------+------+
| Ref Name | Used |
+----------+------+


9. Instantiated Netlists
------------------------

+----------+------+
| Ref Name | Used |
+----------+------+


